Applications Memory Usage (kB):Uptime: 38951922 Realtime: 38951922Total PSS by process:   172280 kB: com.txznet.txz (pid 18691)    78859 kB: com.vphone.launcher (pid 2078 / activities)    78415 kB: system (pid 1804)    67026 kB: com.txznet.txz:svr1 (pid 18729)    61396 kB: com.android.systemui (pid 1911)    26061 kB: com.UCMobile.x86:ppappstore (pid 3004)    23707 kB: com.UCMobile.x86:SearchBackgroundProcess (pid 3345)    22577 kB: com.bignox.app.store.hd (pid 2383)    22137 kB: com.android.phone (pid 2052)    18844 kB: com.UCMobile.x86:push (pid 2648)    18086 kB: zygote (pid 1520)    17771 kB: mediaserver (pid 1511)    17233 kB: com.txznet.sdkdemo (pid 3462 / activities)    15002 kB: com.txznet.preburning (pid 18998 / activities)     9612 kB: android.process.acore (pid 2115)     9415 kB: android.process.media (pid 2324)     7943 kB: com.android.inputservice (pid 1964)     7660 kB: com.google.android.webview:webview_service (pid 2353)     7564 kB: com.android.documentsui (pid 3048)     6764 kB: com.android.keychain (pid 2488)     5165 kB: com.android.defcontainer (pid 2885)     4507 kB: com.svox.pico (pid 3297)     4262 kB: logd (pid 1495)     3455 kB: surfaceflinger (pid 1501)     2121 kB: wpa_supplicant (pid 2171)     1986 kB: mdfota (pid 3168)     1600 kB: drmserver (pid 1510)     1167 kB: vold (pid 1500)     1033 kB: sdcard (pid 1444)      939 kB: netd (pid 1506)      836 kB: adbd (pid 1497)      833 kB: keystore (pid 1518)      708 kB: healthd (pid 1496)      691 kB: rild (pid 1509)      617 kB: su (pid 4693)      560 kB: /init (pid 1)      499 kB: lmkd (pid 1498)      476 kB: dhcpcd (pid 2243)      464 kB: ueventd (pid 1037)      389 kB: debuggerd (pid 1507)      386 kB: installd (pid 1512)      288 kB: servicemanager (pid 1499)        0 kB: app_process (pid 19130)Total PSS by OOM adjustment:    59167 kB: Native               18086 kB: zygote (pid 1520)               17771 kB: mediaserver (pid 1511)                4262 kB: logd (pid 1495)                3455 kB: surfaceflinger (pid 1501)                2121 kB: wpa_supplicant (pid 2171)                1986 kB: mdfota (pid 3168)                1600 kB: drmserver (pid 1510)                1167 kB: vold (pid 1500)                1033 kB: sdcard (pid 1444)                 939 kB: netd (pid 1506)                 836 kB: adbd (pid 1497)                 833 kB: keystore (pid 1518)                 708 kB: healthd (pid 1496)                 691 kB: rild (pid 1509)                 617 kB: su (pid 4693)                 560 kB: /init (pid 1)                 499 kB: lmkd (pid 1498)                 476 kB: dhcpcd (pid 2243)                 464 kB: ueventd (pid 1037)                 389 kB: debuggerd (pid 1507)                 386 kB: installd (pid 1512)                 288 kB: servicemanager (pid 1499)                   0 kB: app_process (pid 19130)    78415 kB: System               78415 kB: system (pid 1804)    83533 kB: Persistent               61396 kB: com.android.systemui (pid 1911)               22137 kB: com.android.phone (pid 2052)   204515 kB: Foreground              172280 kB: com.txznet.txz (pid 18691)               17233 kB: com.txznet.sdkdemo (pid 3462 / activities)               15002 kB: com.txznet.preburning (pid 18998 / activities)     5165 kB: Visible                5165 kB: com.android.defcontainer (pid 2885)     7943 kB: Perceptible                7943 kB: com.android.inputservice (pid 1964)    26061 kB: A Services               26061 kB: com.UCMobile.x86:ppappstore (pid 3004)    78859 kB: Home               78859 kB: com.vphone.launcher (pid 2078 / activities)   113310 kB: B Services               67026 kB: com.txznet.txz:svr1 (pid 18729)               23707 kB: com.UCMobile.x86:SearchBackgroundProcess (pid 3345)               22577 kB: com.bignox.app.store.hd (pid 2383)    64366 kB: Cached               18844 kB: com.UCMobile.x86:push (pid 2648)                9612 kB: android.process.acore (pid 2115)                9415 kB: android.process.media (pid 2324)                7660 kB: com.google.android.webview:webview_service (pid 2353)                7564 kB: com.android.documentsui (pid 3048)                6764 kB: com.android.keychain (pid 2488)                4507 kB: com.svox.pico (pid 3297)Total PSS by category:   202095 kB: Unknown   136240 kB: Dalvik   114181 kB: .so mmap   105360 kB: .dex mmap    47140 kB: .oat mmap    28104 kB: Other mmap    23579 kB: .art mmap    16940 kB: Ashmem    15720 kB: .apk mmap    14856 kB: Dalvik Other     9836 kB: .ttf mmap     6160 kB: Stack     1003 kB: Other dev       92 kB: .jar mmap       24 kB: Native        4 kB: Cursor        0 kB: Gfx dev        0 kB: EGL mtrack        0 kB: GL mtrack        0 kB: Other mtrackTotal RAM: 3566000 kB (status moderate) Free RAM: 2843346 kB (64366 cached pss + 561968 cached kernel + 2217012 free) Used RAM: 724552 kB (656968 used pss + 67584 kernel) Lost RAM: -1898 kB   Tuning: 192 (large 256), oom 184320 kB, restore limit 61440 kB (high-end-gfx)